2026-03-07 10:41:32,021 - INFO - Frame reduction started
2026-03-07 10:41:32,022 - INFO - .git: skipped (0 images)
2026-03-07 10:41:32,022 - INFO - .idea: skipped (0 images)
2026-03-07 10:41:32,022 - INFO - AltesHerzwirdwiederJung: skipped (0 images)
2026-03-07 10:41:32,024 - INFO - AmphitryonakaLesDieuxsamusentia: skipped (918 images)
2026-03-07 10:41:32,026 - INFO - BelAmiia: skipped (786 images)
2026-03-07 10:41:32,080 - INFO - DergroeSchattenHeinrichGeorge: reduced 1289 \u2192 1000
2026-03-07 10:41:32,124 - INFO - DerMannderSherlockHolmeswar: reduced 1224 \u2192 1000
2026-03-07 10:41:32,126 - INFO - DerMaulkorbRalphArthurRobertsPaulHenckelsHildeWeissnerTheodorLoos: skipped (778 images)
2026-03-07 10:41:32,129 - INFO - DerPostmeister: skipped (716 images)
2026-03-07 10:41:32,130 - INFO - DerzerbrocheneKrug: skipped (682 images)
2026-03-07 10:41:32,201 - INFO - DieFeuerzangenbowleDeutscheFilmehdia: reduced 1380 \u2192 1000
2026-03-07 10:41:32,401 - INFO - DieGrosseLiebe: reduced 2000 \u2192 1000
2026-03-07 10:41:32,431 - INFO - DieUnheimlicheWandlungdesAlexRoscherOscarSima: reduced 1140 \u2192 1000
2026-03-07 10:41:32,432 - INFO - DonnerBlitzundSonnenschein: skipped (769 images)
2026-03-07 10:41:32,479 - INFO - DreizehnSthleHeinzRhmannHansMoserIngeListRudolfCarlHedwigBleibtreuEWEmo: reduced 1217 \u2192 1000
2026-03-07 10:41:32,567 - INFO - FrauensinddochbessereDiplomaten: reduced 1466 \u2192 1000
2026-03-07 10:41:32,621 - INFO - GeheimzeichenLBWillyBirgelReneDeltgenia: reduced 1284 \u2192 1000
2026-03-07 10:41:32,747 - INFO - GroeFreiheitNrHansAlbersVhsFilmDeutschia: reduced 1683 \u2192 1000
2026-03-07 10:41:32,939 - INFO - Heimkehrhmxkb: reduced 2000 \u2192 1000
2026-03-07 10:41:32,941 - INFO - JudS: skipped (889 images)
2026-03-07 10:41:32,942 - INFO - KittyUndDieWeltkonferenz: skipped (814 images)
2026-03-07 10:41:33,030 - INFO - KriminalkommissarEyckPaulKlingerHerbertHbneria: reduced 1388 \u2192 1000
2026-03-07 10:41:33,139 - INFO - LachendeErben: reduced 1495 \u2192 1000
2026-03-07 10:41:33,250 - INFO - LaHabanera: reduced 1552 \u2192 1000
2026-03-07 10:41:33,252 - INFO - Liebelei: skipped (816 images)
2026-03-07 10:41:33,264 - INFO - MnchhausenK: reduced 1066 \u2192 1000
2026-03-07 10:41:33,426 - INFO - QuaxderBruchpilotp: reduced 2000 \u2192 1000
2026-03-07 10:41:33,428 - INFO - RomanzeInMoll: skipped (748 images)
2026-03-07 10:41:33,597 - INFO - Schlussakkord: reduced 2000 \u2192 1000
2026-03-07 10:41:33,639 - INFO - SherlockHolmesDiegraueDameTrudeMarlensHermannSpeelmannsia: reduced 1217 \u2192 1000
2026-03-07 10:41:33,651 - INFO - thetestamentofdrmabuserestoredphd: reduced 1060 \u2192 1000
2026-03-07 10:41:33,695 - INFO - UnserFruleinDoktorJennyJugoHeinzSalfnerAlbertMatterstockHansRichter: reduced 1231 \u2192 1000
2026-03-07 10:41:33,696 - INFO - UnterDenBruckenia: skipped (847 images)
2026-03-07 10:41:33,697 - INFO - ViktorundViktoria: skipped (627 images)
2026-03-07 10:41:33,863 - INFO - WienerBlut: reduced 2000 \u2192 1000
2026-03-07 10:41:33,865 - INFO - WirmachenMusik: skipped (807 images)
2026-03-07 10:41:33,865 - INFO - Frame reduction finished
2026-03-07 12:03:02,364 - INFO - Frame reduction started
2026-03-07 12:03:02,365 - INFO - .git: skipped (0 images)
2026-03-07 12:03:02,365 - INFO - .idea: skipped (0 images)
2026-03-07 12:03:02,404 - INFO - AltesHerzwirdwiederJung: reduced 1235 \u2192 1000
2026-03-07 12:03:02,406 - INFO - AmphitryonakaLesDieuxsamusentia: skipped (918 images)
2026-03-07 12:03:02,408 - INFO - BelAmiia: skipped (786 images)
2026-03-07 12:03:02,410 - INFO - DergroeSchattenHeinrichGeorge: skipped (1000 images)
2026-03-07 12:03:02,411 - INFO - DerMannderSherlockHolmeswar: skipped (1000 images)
2026-03-07 12:03:02,413 - INFO - DerMaulkorbRalphArthurRobertsPaulHenckelsHildeWeissnerTheodorLoos: skipped (778 images)
2026-03-07 12:03:02,414 - INFO - DerPostmeister: skipped (716 images)
2026-03-07 12:03:02,415 - INFO - DerzerbrocheneKrug: skipped (682 images)
2026-03-07 12:03:02,417 - INFO - DieFeuerzangenbowleDeutscheFilmehdia: skipped (1000 images)
2026-03-07 12:03:02,419 - INFO - DieGrosseLiebe: skipped (1000 images)
2026-03-07 12:03:02,421 - INFO - DieUnheimlicheWandlungdesAlexRoscherOscarSima: skipped (1000 images)
2026-03-07 12:03:02,423 - INFO - DonnerBlitzundSonnenschein: skipped (769 images)
2026-03-07 12:03:02,425 - INFO - DreizehnSthleHeinzRhmannHansMoserIngeListRudolfCarlHedwigBleibtreuEWEmo: skipped (1000 images)
2026-03-07 12:03:02,427 - INFO - FrauensinddochbessereDiplomaten: skipped (1000 images)
2026-03-07 12:03:02,429 - INFO - GeheimzeichenLBWillyBirgelReneDeltgenia: skipped (1000 images)
2026-03-07 12:03:02,431 - INFO - GroeFreiheitNrHansAlbersVhsFilmDeutschia: skipped (1000 images)
2026-03-07 12:03:02,433 - INFO - Heimkehrhmxkb: skipped (1000 images)
2026-03-07 12:03:02,434 - INFO - JudS: skipped (889 images)
2026-03-07 12:03:02,435 - INFO - KittyUndDieWeltkonferenz: skipped (814 images)
2026-03-07 12:03:02,437 - INFO - KriminalkommissarEyckPaulKlingerHerbertHbneria: skipped (1000 images)
2026-03-07 12:03:02,439 - INFO - LachendeErben: skipped (1000 images)
2026-03-07 12:03:02,440 - INFO - LaHabanera: skipped (1000 images)
2026-03-07 12:03:02,441 - INFO - Liebelei: skipped (816 images)
2026-03-07 12:03:02,443 - INFO - MnchhausenK: skipped (1000 images)
2026-03-07 12:03:02,444 - INFO - QuaxderBruchpilotp: skipped (1000 images)
2026-03-07 12:03:02,446 - INFO - RomanzeInMoll: skipped (748 images)
2026-03-07 12:03:02,447 - INFO - Schlussakkord: skipped (1000 images)
2026-03-07 12:03:02,449 - INFO - SherlockHolmesDiegraueDameTrudeMarlensHermannSpeelmannsia: skipped (1000 images)
2026-03-07 12:03:02,451 - INFO - thetestamentofdrmabuserestoredphd: skipped (1000 images)
2026-03-07 12:03:02,452 - INFO - UnserFruleinDoktorJennyJugoHeinzSalfnerAlbertMatterstockHansRichter: skipped (1000 images)
2026-03-07 12:03:02,454 - INFO - UnterDenBruckenia: skipped (847 images)
2026-03-07 12:03:02,455 - INFO - ViktorundViktoria: skipped (627 images)
2026-03-07 12:03:02,456 - INFO - WienerBlut: skipped (1000 images)
2026-03-07 12:03:02,458 - INFO - WirmachenMusik: skipped (807 images)
2026-03-07 12:03:02,458 - INFO - Frame reduction finished
